../Core/Src/main.c:70:5:_write	24	static
../Core/Src/main.c:76:6:transmit_uart	24	static
../Core/Src/main.c:81:7:removeNonAlphabetChars	32	static
../Core/Src/main.c:102:6:read_from_keypad	16	static
../Core/Src/main.c:223:5:main	248	static
../Core/Src/main.c:354:6:SystemClock_Config	88	static
../Core/Src/main.c:401:13:MX_SPI2_Init	8	static
../Core/Src/main.c:439:13:MX_USART1_UART_Init	8	static
../Core/Src/main.c:472:13:MX_USART2_UART_Init	8	static
../Core/Src/main.c:505:13:MX_GPIO_Init	48	static
../Core/Src/main.c:580:6:Error_Handler	4	static,ignoring_inline_asm
